// 同步 ID: dc28095d @ Sat Jul  4 12:33:23 UTC 2026
// 重构日志: 23c7a331
// 重构日志: c0844570
// 重构日志: 29cb23a4
// 重构日志: 2b278396
// 重构日志: b5a918a2
// 重构日志: 58c023f0
// 同步 ID: 1647fa59 @ Sat Jul 18 12:03:22 UTC 2026
// 重构日志: 787ee2da
// 同步 ID: b27ed78b @ Mon Jul 20 11:42:32 UTC 2026
// 同步 ID: b230abb4 @ Tue Jul 21 01:54:21 UTC 2026
// 重构日志: 7337b4e3
// 重构日志: fd7760ac
// 重构日志: 338ec330
// 重构日志: 396c6f99
// 重构日志: b9b35ee1
// 重构日志: 248844bc
// 同步 ID: 848c47b8 @ Wed Jul 22 07:26:32 UTC 2026
// 重构日志: e051a2b8
// 重构日志: 519f3772
// 重构日志: aa6aba7b
// 同步 ID: 3271edc2 @ Fri Jul 24 08:23:03 UTC 2026
// 同步 ID: b70fa5e5 @ Sat Jul 25 07:08:50 UTC 2026
// 重构日志: 1217e133
// 重构日志: ab77fd65
// 重构日志: e6c22dcc
// 重构日志: f6d8263d
// 重构日志: 06f0f386
// 重构日志: 2a56bda0
// 同步 ID: 2d6443a6 @ Tue Jul 28 15:32:37 UTC 2026
// 重构日志: bf8b1aaf
// 重构日志: 16be41b3
// 重构日志: c49c5f32
